// Jest Snapshot v1, https://goo.gl/fbAQLP

exports[`ListItemWrapper component creates a snapshot of a component ListItemWrapper 1`] = `
<div>
  <span
    disabled={false}
    onBlur={[Function]}
    onClick={[Function]}
    onFocus={[Function]}
    onKeyDown={[Function]}
    onKeyUp={[Function]}
    onMouseEnter={[Function]}
    onMouseLeave={[Function]}
    onTouchEnd={[Function]}
    onTouchStart={[Function]}
    open={null}
    style={
      Object {
        "WebkitTapHighlightColor": "rgba(0, 0, 0, 0)",
        "background": "none",
        "backgroundColor": null,
        "border": 10,
        "boxSizing": "border-box",
        "color": "rgba(0, 0, 0, 0.87)",
        "cursor": "default",
        "display": "block",
        "fontFamily": "Roboto, sans-serif",
        "fontSize": 16,
        "fontWeight": "inherit",
        "lineHeight": "16px",
        "margin": 0,
        "muiPrepared": true,
        "outline": "none",
        "padding": 0,
        "position": "relative",
        "textDecoration": "none",
        "transition": "all 450ms cubic-bezier(0.23, 1, 0.32, 1) 0ms",
        "verticalAlign": null,
      }
    }
    tabIndex={0}
  >
    <div
      style={
        Object {
          "marginLeft": 0,
          "muiPrepared": true,
          "paddingBottom": 16,
          "paddingLeft": 16,
          "paddingRight": 56,
          "paddingTop": 16,
          "position": "relative",
        }
      }
    >
      <IconButton
        onClick={[Function]}
        style={
          Object {
            "position": "absolute",
            "right": "4px",
            "top": 0,
          }
        }
        tooltip="Remove player"
        tooltipPosition="top-left"
      >
        <svg
          onMouseEnter={[Function]}
          onMouseLeave={[Function]}
          style={
            Object {
              "color": "rgba(0, 0, 0, 0.87)",
              "display": "inline-block",
              "fill": "currentColor",
              "height": 24,
              "muiPrepared": true,
              "transition": "all 450ms cubic-bezier(0.23, 1, 0.32, 1) 0ms",
              "userSelect": "none",
              "width": 24,
            }
          }
          viewBox="0 0 24 24"
        >
          <path
            d="M6 19c0 1.1.9 2 2 2h8c1.1 0 2-.9 2-2V7H6v12zM19 4h-3.5l-1-1h-5l-1 1H5v2h14V4z"
          />
        </svg>
      </IconButton>
      <div
        style={
          Object {
            "muiPrepared": true,
          }
        }
      >
        Player Number One
      </div>
    </div>
  </span>
</div>
`;
